  RANDOM     seed=91001: mean=-4.1210 p_goal=1/30
  RANDOM     seed=91002: mean=-4.1787 p_goal=0/30
  RANDOM     seed=91003: mean=-4.1587 p_goal=0/30
  RANDOM     seed=91004: mean=-4.1547 p_goal=0/30
  RANDOM     seed=91005: mean=-4.1320 p_goal=0/30
  RANDOM     seed=91006: mean=-4.1447 p_goal=0/30
  SYMBOLIC   seed=91001: mean=+0.6040 p_goal=30/30
  SYMBOLIC   seed=91002: mean=+0.6080 p_goal=30/30
  SYMBOLIC   seed=91003: mean=+0.6207 p_goal=30/30
  SYMBOLIC   seed=91004: mean=+0.6100 p_goal=30/30
  SYMBOLIC   seed=91005: mean=+0.6080 p_goal=30/30
  SYMBOLIC   seed=91006: mean=+0.6113 p_goal=30/30
  A-STD      seed=91001: mean=-4.0567 p_goal=1/15
  A-STD      seed=91002: mean=-3.9320 p_goal=1/15
  A-STD      seed=91003: mean=-3.9933 p_goal=1/15
  A-STD      seed=91004: mean=-4.2280 p_goal=0/15
  A-STD      seed=91005: mean=-3.9820 p_goal=1/15
  A-STD      seed=91006: mean=-4.1267 p_goal=0/15
  B-STD      seed=91001: mean=-3.5107 p_goal=2/15
  B-STD      seed=91002: mean=-3.5660 p_goal=2/15
  B-STD      seed=91003: mean=-3.1900 p_goal=3/15
  B-STD      seed=91004: mean=-3.7300 p_goal=1/15
  B-STD      seed=91005: mean=-3.8593 p_goal=2/15
  B-STD      seed=91006: mean=-3.6133 p_goal=2/15
  C-STD      seed=91001: mean=-5.8480 p_goal=0/15
  C-STD      seed=91002: mean=-5.8840 p_goal=0/15
  C-STD      seed=91003: mean=-5.8133 p_goal=1/15
  C-STD      seed=91004: mean=-5.9027 p_goal=0/15
  C-STD      seed=91005: mean=-5.9080 p_goal=0/15
  C-STD      seed=91006: mean=-5.9027 p_goal=0/15
  A-DENSE    seed=91001: mean=-2.3416 p_goal=1/15
  A-DENSE    seed=91002: mean=-2.2991 p_goal=1/15
  A-DENSE    seed=91003: mean=-2.3480 p_goal=1/15
  A-DENSE    seed=91004: mean=-2.6142 p_goal=0/15
  A-DENSE    seed=91005: mean=-2.3164 p_goal=0/15
  A-DENSE    seed=91006: mean=-2.5556 p_goal=0/15
  B-DENSE    seed=91001: mean=-2.1549 p_goal=1/15
  B-DENSE    seed=91002: mean=-2.1262 p_goal=1/15
  B-DENSE    seed=91003: mean=-2.0493 p_goal=1/15
  B-DENSE    seed=91004: mean=-2.1180 p_goal=1/15
  B-DENSE    seed=91005: mean=-1.7551 p_goal=2/15
  B-DENSE    seed=91006: mean=-1.3522 p_goal=3/15
  C-DENSE    seed=91001: mean=-4.3658 p_goal=0/15
  C-DENSE    seed=91002: mean=-4.3725 p_goal=0/15
  C-DENSE    seed=91003: mean=-4.1989 p_goal=1/15
  C-DENSE    seed=91004: mean=-4.4222 p_goal=0/15
  C-DENSE    seed=91005: mean=-4.4827 p_goal=0/15
  C-DENSE    seed=91006: mean=-4.3605 p_goal=0/15
  A-NEAR     seed=91001: mean=-1.2927 p_goal=10/15
  A-NEAR     seed=91002: mean=-0.0620 p_goal=13/15
  A-NEAR     seed=91003: mean=-1.0853 p_goal=9/15
  A-NEAR     seed=91004: mean=-0.7020 p_goal=11/15
  A-NEAR     seed=91005: mean=-0.7033 p_goal=11/15
  A-NEAR     seed=91006: mean=-0.2207 p_goal=13/15
  B-NEAR     seed=91001: mean=+0.0847 p_goal=14/15
  B-NEAR     seed=91002: mean=-1.8953 p_goal=8/15
  B-NEAR     seed=91003: mean=-1.1587 p_goal=9/15
  B-NEAR     seed=91004: mean=-0.9387 p_goal=10/15
  B-NEAR     seed=91005: mean=+0.1133 p_goal=13/15
  B-NEAR     seed=91006: mean=+0.0273 p_goal=13/15
  C-NEAR     seed=91001: mean=-3.8833 p_goal=5/15
  C-NEAR     seed=91002: mean=-2.0507 p_goal=9/15
  C-NEAR     seed=91003: mean=-2.6620 p_goal=7/15
  C-NEAR     seed=91004: mean=-0.7520 p_goal=12/15
  C-NEAR     seed=91005: mean=-2.1960 p_goal=9/15
  C-NEAR     seed=91006: mean=-2.5540 p_goal=8/15
  A-DEMO     seed=91001: mean=-4.1547 p_goal=0/15
  A-DEMO     seed=91002: mean=-4.1147 p_goal=0/15
  A-DEMO     seed=91003: mean=-3.9487 p_goal=1/15
  A-DEMO     seed=91004: mean=-4.0353 p_goal=1/15
  A-DEMO     seed=91005: mean=-3.9467 p_goal=1/15
  A-DEMO     seed=91006: mean=-3.8047 p_goal=2/15
  B-DEMO     seed=91001: mean=-3.6253 p_goal=2/15
  B-DEMO     seed=91002: mean=-3.8147 p_goal=1/15
  B-DEMO     seed=91003: mean=-3.4847 p_goal=3/15
  B-DEMO     seed=91004: mean=-3.7247 p_goal=2/15
  B-DEMO     seed=91005: mean=-3.4947 p_goal=2/15
  B-DEMO     seed=91006: mean=-3.5713 p_goal=2/15
  C-DEMO     seed=91001: mean=-5.8280 p_goal=0/15
  C-DEMO     seed=91002: mean=-5.9533 p_goal=0/15
  C-DEMO     seed=91003: mean=-5.9080 p_goal=0/15
  C-DEMO     seed=91004: mean=-5.9653 p_goal=0/15
  C-DEMO     seed=91005: mean=-5.9187 p_goal=0/15
  C-DEMO     seed=91006: mean=-5.9200 p_goal=0/15
  aliasing: rate=0.6667 (n_multi=21)
  verdict: {"A": ["REPRESENTATION:gains_at_floor"], "B": ["EXPLORATION:sparse_not_found_dense_learnable", "REPRESENTATION:obs_aliasing"], "C": ["EXPLORATION:sparse_habituation_loop_dense_lifts"]}
  G2 determinism: -3.510667 vs -3.510667 -> MATCH
  chain verify: True (92 records chained)
  receipt: /home/hatch/workspace/chambers/emergent-mind/flesh-pits/receipts/EXP-FP-0010-POMAZE-DIAG.ndjson (92 records, 459.8s)
EXIT=0
